LoRa_APP_slave.c:27:6:LoRa_USART	48	static,ignoring_inline_asm
LoRa_APP_slave.c:159:20:LoRaInit	120	static
LoRa_APP_slave.c:299:20:ActiveABPMode	16	static
LoRa_APP_slave.c:313:20:LoRaTransmitData	136	static
LoRa_APP_slave.c:327:6:LoRaCommand	16	static
LoRa_APP_slave.c:342:20:LoRaResCheck	16	static
LoRa_APP_slave.c:365:20:Check_2ResMsg	16	static
LoRa_APP_slave.c:395:20:Check_JoinResMsg	8	static
LoRa_APP_slave.c:417:20:Check_Tx1stResMsg	8	static
LoRa_APP_slave.c:444:20:Check_Tx2stResMsg	8	static
LoRa_APP_slave.c:470:6:LoRaChipReset	16	static
LoRa_APP_slave.c:482:6:LoRaFactorReset	16	static
LoRa_APP_slave.c:494:20:WakeUpTrigger	16	static
LoRa_APP_slave.c:522:20:CheckJoinStatus	16	static
LoRa_APP_slave.c:530:20:EnterSleep	16	static
LoRa_APP_slave.c:549:20:LoRaSaveCF	16	static
LoRa_APP_slave.c:569:20:LoRachipCrashDetect_HDRST	16	static
LoRa_APP_slave.c:596:6:LoRachipCrashDetect_Stop	16	static
