main.c:112:5:main	8	static
main.c:269:6:SystemClock_Config	240	static
main.c:326:13:MX_IWDG_Init	8	static
main.c:355:13:MX_RTC_Init	8	static
main.c:390:13:MX_SPI1_Init	8	static
main.c:430:13:MX_TIM2_Init	40	static
main.c:475:13:MX_USART3_UART_Init	8	static
main.c:510:13:MX_GPIO_Init	48	static
main.c:573:6:HAL_GPIO_EXTI_Callback	16	static
main.c:601:6:HAL_UART_RxCpltCallback	32	static
main.c:662:6:IWDGFreezeBySTDBY	8	static
main.c:697:6:HAL_TIM_PeriodElapsedCallback	16	static
main.c:711:6:Error_Handler	4	static
